// Jest Snapshot v1, https://goo.gl/fbAQLP

exports[`Icon Should renders without problems 1`] = `
<Icon
  type="search"
/>
`;
